../Core/Src/main.c:78:5:main	8	static
../Core/Src/main.c:125:6:SystemClock_Config	80	static
../Core/Src/main.c:157:6:auto_window_gpio	8	static
../Core/Src/main.c:177:6:auto_up_down	8	static
../Core/Src/main.c:297:6:anti_pinch	8	static
../Core/Src/main.c:307:6:auto_motor_up	8	static
../Core/Src/main.c:314:6:auto_motor_down	8	static
../Core/Src/main.c:321:6:auto_motor_stop	8	static
../Core/Src/main.c:327:6:SysTick_Init	8	static
../Core/Src/main.c:334:6:SysTick_Delay	24	static
../Core/Src/main.c:343:6:adc_init	8	static
../Core/Src/main.c:360:10:ADC_READ	8	static
../Core/Src/main.c:368:5:CURRENT	16	static
../Core/Src/main.c:395:6:delay_ms	16	static
../Core/Src/main.c:406:6:Error_Handler	8	static,ignoring_inline_asm
